------------------------------------------------------------
Timing Analyzer Summary
------------------------------------------------------------

Type  : Slow 1100mV 85C Model Setup 'clk_i'
Slack : -1.741
TNS   : -23.268

Type  : Slow 1100mV 85C Model Hold 'clk_i'
Slack : 0.542
TNS   : 0.000

Type  : Slow 1100mV 85C Model Minimum Pulse Width 'clk_i'
Slack : -0.724
TNS   : -23.395

Type  : Slow 1100mV 0C Model Setup 'clk_i'
Slack : -1.789
TNS   : -21.292

Type  : Slow 1100mV 0C Model Hold 'clk_i'
Slack : 0.585
TNS   : 0.000

Type  : Slow 1100mV 0C Model Minimum Pulse Width 'clk_i'
Slack : -0.724
TNS   : -23.619

Type  : Fast 1100mV 85C Model Setup 'clk_i'
Slack : -0.192
TNS   : -0.576

Type  : Fast 1100mV 85C Model Hold 'clk_i'
Slack : 0.180
TNS   : 0.000

Type  : Fast 1100mV 85C Model Minimum Pulse Width 'clk_i'
Slack : -0.109
TNS   : -2.255

Type  : Fast 1100mV 0C Model Setup 'clk_i'
Slack : -0.115
TNS   : -0.317

Type  : Fast 1100mV 0C Model Hold 'clk_i'
Slack : 0.169
TNS   : 0.000

Type  : Fast 1100mV 0C Model Minimum Pulse Width 'clk_i'
Slack : -0.102
TNS   : -2.129

------------------------------------------------------------
